========================================
Job ID: 1496719
Job Name: distill_hypernet
Node: gx07
Started at: Mon Dec 22 08:58:46 PM CET 2025
========================================

Stage 2: Distill hypernetwork from saved LoRA weights

Using device: cuda
  Epoch 1: Distill Loss = 0.004569
  Epoch 2: Distill Loss = 0.001199
  Epoch 3: Distill Loss = 0.001173
  Epoch 4: Distill Loss = 0.001172
  Epoch 5: Distill Loss = 0.001172
  Epoch 6: Distill Loss = 0.001172
  Epoch 7: Distill Loss = 0.001171
  Epoch 8: Distill Loss = 0.001171
  Epoch 9: Distill Loss = 0.001171
  Epoch 10: Distill Loss = 0.001172
  Epoch 11: Distill Loss = 0.001172
  Epoch 12: Distill Loss = 0.001172
  Epoch 13: Distill Loss = 0.001172
  Epoch 14: Distill Loss = 0.001172
  Epoch 15: Distill Loss = 0.001172
  Epoch 16: Distill Loss = 0.001172
  Epoch 17: Distill Loss = 0.001172
  Epoch 18: Distill Loss = 0.001172
  Epoch 19: Distill Loss = 0.001172
  Epoch 20: Distill Loss = 0.001172
Saved hypernet to results/hypernet.pt
  Router Epoch 1: Loss = 1.211714
  Router Epoch 2: Loss = 0.785503
  Router Epoch 3: Loss = 0.669727
  Router Epoch 4: Loss = 0.584092
  Router Epoch 5: Loss = 0.499713
  Router Epoch 6: Loss = 0.433277
  Router Epoch 7: Loss = 0.371361
  Router Epoch 8: Loss = 0.313078
  Router Epoch 9: Loss = 0.263733
  Router Epoch 10: Loss = 0.224750
  Router Epoch 11: Loss = 0.188032
  Router Epoch 12: Loss = 0.146393
  Router Epoch 13: Loss = 0.118207
  Router Epoch 14: Loss = 0.097413
  Router Epoch 15: Loss = 0.074470
  Router Epoch 16: Loss = 0.063166
  Router Epoch 17: Loss = 0.050792
  Router Epoch 18: Loss = 0.039657
  Router Epoch 19: Loss = 0.032833
  Router Epoch 20: Loss = 0.027557

========================================
Finished at: Mon Dec 22 09:00:13 PM CET 2025
Exit code: 0
========================================
