========================================
Job ID: 1496706
Job Name: hyper_vit_cifar100
Node: gx07
Started at: Mon Dec 22 07:56:54 PM CET 2025
========================================

Experiment: Hypernetwork-conditioned QKV (input-conditioned)

Using device: cuda
\n============================================================
Experience 0: Classes [96, 98, 42, 78, 46, 16, 24, 60, 62, 95]
============================================================
  Epoch 1: Loss = 0.5103, Acc = 85.70%
  Epoch 2: Loss = 0.1169, Acc = 96.02%
  Epoch 3: Loss = 0.0837, Acc = 97.18%
  Epoch 4: Loss = 0.0675, Acc = 97.50%
  Epoch 5: Loss = 0.0634, Acc = 97.90%
  Epoch 6: Loss = 0.0559, Acc = 98.18%
  Epoch 7: Loss = 0.0475, Acc = 98.50%
  Epoch 8: Loss = 0.0411, Acc = 98.42%
  Epoch 9: Loss = 0.0397, Acc = 98.62%
  Epoch 10: Loss = 0.0467, Acc = 98.38%
Task 0 training loss: 0.1073
\n============================================================
Experience 1: Classes [97, 99, 68, 70, 71, 10, 11, 13, 19, 52]
============================================================
  Epoch 1: Loss = 1.3634, Acc = 80.10%
  Epoch 2: Loss = 0.1020, Acc = 97.32%
  Epoch 3: Loss = 0.0720, Acc = 98.00%
  Epoch 4: Loss = 0.0572, Acc = 98.48%
  Epoch 5: Loss = 0.0406, Acc = 98.84%
  Epoch 6: Loss = 0.0340, Acc = 98.96%
  Epoch 7: Loss = 0.0274, Acc = 99.26%
  Epoch 8: Loss = 0.0188, Acc = 99.56%
  Epoch 9: Loss = 0.0220, Acc = 99.32%
  Epoch 10: Loss = 0.0157, Acc = 99.50%
Task 1 training loss: 0.1753
\n============================================================
Experience 2: Classes [5, 38, 40, 9, 43, 18, 82, 83, 86, 89]
============================================================
  Epoch 1: Loss = 2.1240, Acc = 76.70%
  Epoch 2: Loss = 0.1528, Acc = 95.30%
  Epoch 3: Loss = 0.0993, Acc = 96.96%
  Epoch 4: Loss = 0.0842, Acc = 97.40%
  Epoch 5: Loss = 0.0702, Acc = 97.80%
  Epoch 6: Loss = 0.0611, Acc = 97.98%
  Epoch 7: Loss = 0.0509, Acc = 98.48%
  Epoch 8: Loss = 0.0470, Acc = 98.56%
  Epoch 9: Loss = 0.0398, Acc = 98.80%
  Epoch 10: Loss = 0.0311, Acc = 99.06%
Task 2 training loss: 0.2760
\n============================================================
Experience 3: Classes [32, 1, 67, 73, 75, 79, 50, 59, 93, 94]
============================================================
  Epoch 1: Loss = 2.1675, Acc = 70.78%
  Epoch 2: Loss = 0.2966, Acc = 90.08%
  Epoch 3: Loss = 0.2386, Acc = 91.96%
  Epoch 4: Loss = 0.2073, Acc = 93.20%
  Epoch 5: Loss = 0.1862, Acc = 93.98%
  Epoch 6: Loss = 0.1683, Acc = 94.54%
  Epoch 7: Loss = 0.1564, Acc = 95.00%
  Epoch 8: Loss = 0.1374, Acc = 95.38%
  Epoch 9: Loss = 0.1209, Acc = 96.04%
  Epoch 10: Loss = 0.1193, Acc = 96.08%
Task 3 training loss: 0.3799
\n============================================================
Experience 4: Classes [66, 3, 4, 45, 51, 22, 87, 58, 61, 63]
============================================================
  Epoch 1: Loss = 2.5247, Acc = 70.22%
  Epoch 2: Loss = 0.2627, Acc = 91.48%
  Epoch 3: Loss = 0.2187, Acc = 92.64%
  Epoch 4: Loss = 0.1861, Acc = 93.94%
  Epoch 5: Loss = 0.1699, Acc = 94.08%
  Epoch 6: Loss = 0.1600, Acc = 94.36%
  Epoch 7: Loss = 0.1420, Acc = 95.24%
  Epoch 8: Loss = 0.1312, Acc = 95.84%
  Epoch 9: Loss = 0.1302, Acc = 96.26%
  Epoch 10: Loss = 0.1237, Acc = 95.94%
Task 4 training loss: 0.4049
\n============================================================
Experience 5: Classes [33, 35, 37, 6, 74, 12, 44, 48, 20, 21]
============================================================
  Epoch 1: Loss = 2.6778, Acc = 72.66%
  Epoch 2: Loss = 0.2046, Acc = 93.72%
  Epoch 3: Loss = 0.1607, Acc = 94.84%
  Epoch 4: Loss = 0.1375, Acc = 95.72%
  Epoch 5: Loss = 0.1182, Acc = 96.08%
  Epoch 6: Loss = 0.1041, Acc = 97.10%
  Epoch 7: Loss = 0.0902, Acc = 97.16%
  Epoch 8: Loss = 0.0787, Acc = 97.62%
  Epoch 9: Loss = 0.0735, Acc = 97.74%
  Epoch 10: Loss = 0.0535, Acc = 98.42%
Task 5 training loss: 0.3699
\n============================================================
Experience 6: Classes [65, 69, 7, 15, 81, 85, 88, 56, 27, 31]
============================================================
  Epoch 1: Loss = 2.7089, Acc = 73.62%
  Epoch 2: Loss = 0.1650, Acc = 95.48%
  Epoch 3: Loss = 0.1384, Acc = 95.90%
  Epoch 4: Loss = 0.1023, Acc = 97.16%
  Epoch 5: Loss = 0.0933, Acc = 97.22%
  Epoch 6: Loss = 0.0782, Acc = 97.86%
  Epoch 7: Loss = 0.0729, Acc = 97.80%
  Epoch 8: Loss = 0.0606, Acc = 98.50%
  Epoch 9: Loss = 0.0572, Acc = 98.26%
  Epoch 10: Loss = 0.0543, Acc = 98.62%
Task 6 training loss: 0.3531
\n============================================================
Experience 7: Classes [34, 36, 72, 41, 47, 80, 17, 84, 57, 29]
============================================================
  Epoch 1: Loss = 2.3634, Acc = 75.76%
  Epoch 2: Loss = 0.1761, Acc = 94.92%
  Epoch 3: Loss = 0.1364, Acc = 95.84%
  Epoch 4: Loss = 0.1065, Acc = 96.48%
  Epoch 5: Loss = 0.0870, Acc = 97.50%
  Epoch 6: Loss = 0.0884, Acc = 97.48%
  Epoch 7: Loss = 0.0794, Acc = 97.64%
  Epoch 8: Loss = 0.0716, Acc = 97.78%
  Epoch 9: Loss = 0.0615, Acc = 98.36%
  Epoch 10: Loss = 0.0499, Acc = 98.62%
Task 7 training loss: 0.3220
\n============================================================
Experience 8: Classes [2, 90, 8, 76, 53, 54, 23, 26, 91, 30]
============================================================
  Epoch 1: Loss = 2.4723, Acc = 75.42%
  Epoch 2: Loss = 0.1461, Acc = 96.12%
  Epoch 3: Loss = 0.1158, Acc = 96.54%
  Epoch 4: Loss = 0.0875, Acc = 97.44%
  Epoch 5: Loss = 0.0740, Acc = 97.84%
  Epoch 6: Loss = 0.0651, Acc = 98.14%
  Epoch 7: Loss = 0.0587, Acc = 98.40%
  Epoch 8: Loss = 0.0512, Acc = 98.72%
  Epoch 9: Loss = 0.0415, Acc = 98.98%
  Epoch 10: Loss = 0.0413, Acc = 98.76%
Task 8 training loss: 0.3153
\n============================================================
Experience 9: Classes [0, 64, 39, 77, 14, 92, 49, 55, 25, 28]
============================================================
  Epoch 1: Loss = 2.7617, Acc = 73.84%
  Epoch 2: Loss = 0.1663, Acc = 94.60%
  Epoch 3: Loss = 0.1320, Acc = 95.88%
  Epoch 4: Loss = 0.1039, Acc = 96.80%
  Epoch 5: Loss = 0.0837, Acc = 97.60%
  Epoch 6: Loss = 0.0757, Acc = 97.82%
  Epoch 7: Loss = 0.0687, Acc = 98.00%
  Epoch 8: Loss = 0.0567, Acc = 98.42%
  Epoch 9: Loss = 0.0500, Acc = 98.54%
  Epoch 10: Loss = 0.0517, Acc = 98.78%
Task 9 training loss: 0.3550
\nDistilling hypernetwork...
  Distill Epoch 5: Loss = 0.002551
  Distill Epoch 10: Loss = 0.002400
  Distill Epoch 15: Loss = 0.002234
  Distill Epoch 20: Loss = 0.002073
\nEvaluating on all tasks...
\nResults after task 0:
  Task 0: 0.00%
\nMetrics:
  Average Accuracy:  0.00%
  Learning Accuracy: 0.00%
\nEvaluating on all tasks...
\nResults after task 1:
  Task 0: 0.00%
  Task 1: 1.40%
\nMetrics:
  Average Accuracy:  0.70%
  Learning Accuracy: 0.70%
  Backward Transfer: 0.00%
  Forgetting:        0.00%
\nEvaluating on all tasks...
\nResults after task 2:
  Task 0: 0.00%
  Task 1: 1.40%
  Task 2: 4.30%
\nMetrics:
  Average Accuracy:  1.90%
  Learning Accuracy: 1.90%
  Backward Transfer: 0.00%
  Forgetting:        0.00%
\nEvaluating on all tasks...
\nResults after task 3:
  Task 0: 0.00%
  Task 1: 1.40%
  Task 2: 4.30%
  Task 3: 5.80%
\nMetrics:
  Average Accuracy:  2.88%
  Learning Accuracy: 2.88%
  Backward Transfer: 0.00%
  Forgetting:        0.00%
\nEvaluating on all tasks...
\nResults after task 4:
  Task 0: 0.00%
  Task 1: 1.40%
  Task 2: 4.30%
  Task 3: 5.80%
  Task 4: 8.10%
\nMetrics:
  Average Accuracy:  3.92%
  Learning Accuracy: 3.92%
  Backward Transfer: 0.00%
  Forgetting:        0.00%
\nEvaluating on all tasks...
\nResults after task 5:
  Task 0: 0.00%
  Task 1: 1.40%
  Task 2: 4.30%
  Task 3: 5.80%
  Task 4: 8.10%
  Task 5: 13.80%
\nMetrics:
  Average Accuracy:  5.57%
  Learning Accuracy: 5.57%
  Backward Transfer: 0.00%
  Forgetting:        0.00%
\nEvaluating on all tasks...
\nResults after task 6:
  Task 0: 0.00%
  Task 1: 1.40%
  Task 2: 4.30%
  Task 3: 5.80%
  Task 4: 8.10%
  Task 5: 13.80%
  Task 6: 40.70%
\nMetrics:
  Average Accuracy:  10.59%
  Learning Accuracy: 10.59%
  Backward Transfer: 0.00%
  Forgetting:        0.00%
\nEvaluating on all tasks...
\nResults after task 7:
  Task 0: 0.00%
  Task 1: 1.40%
  Task 2: 4.30%
  Task 3: 5.80%
  Task 4: 8.10%
  Task 5: 13.80%
  Task 6: 40.70%
  Task 7: 53.70%
\nMetrics:
  Average Accuracy:  15.97%
  Learning Accuracy: 15.97%
  Backward Transfer: 0.00%
  Forgetting:        0.00%
\nEvaluating on all tasks...
\nResults after task 8:
  Task 0: 0.00%
  Task 1: 1.40%
  Task 2: 4.30%
  Task 3: 5.80%
  Task 4: 8.10%
  Task 5: 13.80%
  Task 6: 40.70%
  Task 7: 53.70%
  Task 8: 80.00%
\nMetrics:
  Average Accuracy:  23.09%
  Learning Accuracy: 23.09%
  Backward Transfer: 0.00%
  Forgetting:        0.00%
\nEvaluating on all tasks...
\nResults after task 9:
  Task 0: 0.00%
  Task 1: 1.40%
  Task 2: 4.30%
  Task 3: 5.80%
  Task 4: 8.10%
  Task 5: 13.80%
  Task 6: 40.70%
  Task 7: 53.70%
  Task 8: 80.00%
  Task 9: 95.60%
\nMetrics:
  Average Accuracy:  30.34%
  Learning Accuracy: 30.34%
  Backward Transfer: 0.00%
  Forgetting:        0.00%

========================================
Finished at: Mon Dec 22 08:15:10 PM CET 2025
Exit code: 0
========================================
